// Jest Snapshot v1, https://goo.gl/fbAQLP

exports[`react unit tests renders correctly 1`] = `ShallowWrapper {}`;
